2026-09-27 17:05:10,059 | INFO | Sistema de logging configurado.
2026-09-27 17:05:10,060 | INFO | Inicio de ejecución del procesador de inventario.
2026-09-27 17:05:10,063 | INFO | Finaliza intento de lectura del archivo | ruta=data/inventario_cd.csv
2026-09-27 17:05:10,063 | INFO | Lectura exitosa | ruta=data/inventario_cd.csv | registros_leidos=500
2026-09-27 17:05:10,064 | WARNING | id_producto=P008 | columna=categoria | valor_recibido='Mascotas' | regla=RN-05 | Error: categoría no válida. Categorías permitidas: Alimentos, Bebestibles, Cuidado Mascotas, Higiene Personal, Limpieza, Lácteos.
2026-09-27 17:05:10,064 | WARNING | id_producto=P012 | columna=categoria | valor_recibido='Ferretería Básica' | regla=RN-05 | Error: categoría no válida. Categorías permitidas: Alimentos, Bebestibles, Cuidado Mascotas, Higiene Personal, Limpieza, Lácteos.
2026-09-27 17:05:10,064 | WARNING | id_producto=P017 | columna=categoria | valor_recibido='Ferretería Básica' | regla=RN-05 | Error: categoría no válida. Categorías permitidas: Alimentos, Bebestibles, Cuidado Mascotas, Higiene Personal, Limpieza, Lácteos.
2026-09-27 17:05:10,064 | WARNING | id_producto=P020 | columna=categoria | valor_recibido='Ferretería Básica' | regla=RN-05 | Error: categoría no válida. Categorías permitidas: Alimentos, Bebestibles, Cuidado Mascotas, Higiene Personal, Limpieza, Lácteos.
2026-09-27 17:05:10,064 | WARNING | id_producto=P024 | columna=categoria | valor_recibido='Snacks y Confitería' | regla=RN-05 | Error: categoría no válida. Categorías permitidas: Alimentos, Bebestibles, Cuidado Mascotas, Higiene Personal, Limpieza, Lácteos.
2026-09-27 17:05:10,064 | WARNING | id_producto=P026 | columna=categoria | valor_recibido='Mascotas' | regla=RN-05 | Error: categoría no válida. Categorías permitidas: Alimentos, Bebestibles, Cuidado Mascotas, Higiene Personal, Limpieza, Lácteos.
2026-09-27 17:05:10,064 | WARNING | id_producto=P027 | columna=categoria | valor_recibido='Snacks y Confitería' | regla=RN-05 | Error: categoría no válida. Categorías permitidas: Alimentos, Bebestibles, Cuidado Mascotas, Higiene Personal, Limpieza, Lácteos.
2026-09-27 17:05:10,064 | WARNING | id_producto=P029 | columna=categoria | valor_recibido='Ferretería Básica' | regla=RN-05 | Error: categoría no válida. Categorías permitidas: Alimentos, Bebestibles, Cuidado Mascotas, Higiene Personal, Limpieza, Lácteos.
2026-09-27 17:05:10,064 | WARNING | id_producto=P031 | columna=categoria | valor_recibido='Ferretería Básica' | regla=RN-05 | Error: categoría no válida. Categorías permitidas: Alimentos, Bebestibles, Cuidado Mascotas, Higiene Personal, Limpieza, Lácteos.
2026-09-27 17:05:10,064 | WARNING | id_producto=P032 | columna=categoria | valor_recibido='Mascotas' | regla=RN-05 | Error: categoría no válida. Categorías permitidas: Alimentos, Bebestibles, Cuidado Mascotas, Higiene Personal, Limpieza, Lácteos.
2026-09-27 17:05:10,065 | WARNING | id_producto=P034 | columna=categoria | valor_recibido='Snacks y Confitería' | regla=RN-05 | Error: categoría no válida. Categorías permitidas: Alimentos, Bebestibles, Cuidado Mascotas, Higiene Personal, Limpieza, Lácteos.
2026-09-27 17:05:10,065 | WARNING | id_producto=P035 | columna=categoria | valor_recibido='Snacks y Confitería' | regla=RN-05 | Error: categoría no válida. Categorías permitidas: Alimentos, Bebestibles, Cuidado Mascotas, Higiene Personal, Limpieza, Lácteos.
2026-09-27 17:05:10,065 | WARNING | id_producto=P038 | columna=categoria | valor_recibido='Snacks y Confitería' | regla=RN-05 | Error: categoría no válida. Categorías permitidas: Alimentos, Bebestibles, Cuidado Mascotas, Higiene Personal, Limpieza, Lácteos.
2026-09-27 17:05:10,065 | WARNING | id_producto=P039 | columna=categoria | valor_recibido='Ferretería Básica' | regla=RN-05 | Error: categoría no válida. Categorías permitidas: Alimentos, Bebestibles, Cuidado Mascotas, Higiene Personal, Limpieza, Lácteos.
2026-09-27 17:05:10,065 | WARNING | id_producto=P043 | columna=categoria | valor_recibido='Mascotas' | regla=RN-05 | Error: categoría no válida. Categorías permitidas: Alimentos, Bebestibles, Cuidado Mascotas, Higiene Personal, Limpieza, Lácteos.
2026-09-27 17:05:10,065 | WARNING | id_producto=P046 | columna=categoria | valor_recibido='Ferretería Básica' | regla=RN-05 | Error: categoría no válida. Categorías permitidas: Alimentos, Bebestibles, Cuidado Mascotas, Higiene Personal, Limpieza, Lácteos.
2026-09-27 17:05:10,065 | WARNING | id_producto=P049 | columna=categoria | valor_recibido='Ferretería Básica' | regla=RN-05 | Error: categoría no válida. Categorías permitidas: Alimentos, Bebestibles, Cuidado Mascotas, Higiene Personal, Limpieza, Lácteos.
2026-09-27 17:05:10,065 | WARNING | id_producto=P057 | columna=categoria | valor_recibido='Snacks y Confitería' | regla=RN-05 | Error: categoría no válida. Categorías permitidas: Alimentos, Bebestibles, Cuidado Mascotas, Higiene Personal, Limpieza, Lácteos.
2026-09-27 17:05:10,065 | WARNING | id_producto=P058 | columna=categoria | valor_recibido='Mascotas' | regla=RN-05 | Error: categoría no válida. Categorías permitidas: Alimentos, Bebestibles, Cuidado Mascotas, Higiene Personal, Limpieza, Lácteos.
2026-09-27 17:05:10,065 | WARNING | id_producto=P060 | columna=categoria | valor_recibido='Ferretería Básica' | regla=RN-05 | Error: categoría no válida. Categorías permitidas: Alimentos, Bebestibles, Cuidado Mascotas, Higiene Personal, Limpieza, Lácteos.
2026-09-27 17:05:10,065 | WARNING | id_producto=P065 | columna=categoria | valor_recibido='Snacks y Confitería' | regla=RN-05 | Error: categoría no válida. Categorías permitidas: Alimentos, Bebestibles, Cuidado Mascotas, Higiene Personal, Limpieza, Lácteos.
2026-09-27 17:05:10,065 | WARNING | id_producto=P068 | columna=categoria | valor_recibido='Snacks y Confitería' | regla=RN-05 | Error: categoría no válida. Categorías permitidas: Alimentos, Bebestibles, Cuidado Mascotas, Higiene Personal, Limpieza, Lácteos.
2026-09-27 17:05:10,065 | WARNING | id_producto=P074 | columna=categoria | valor_recibido='Snacks y Confitería' | regla=RN-05 | Error: categoría no válida. Categorías permitidas: Alimentos, Bebestibles, Cuidado Mascotas, Higiene Personal, Limpieza, Lácteos.
2026-09-27 17:05:10,065 | WARNING | id_producto=P075 | columna=categoria | valor_recibido='Mascotas' | regla=RN-05 | Error: categoría no válida. Categorías permitidas: Alimentos, Bebestibles, Cuidado Mascotas, Higiene Personal, Limpieza, Lácteos.
2026-09-27 17:05:10,065 | WARNING | id_producto=P077 | columna=categoria | valor_recibido='Snacks y Confitería' | regla=RN-05 | Error: categoría no válida. Categorías permitidas: Alimentos, Bebestibles, Cuidado Mascotas, Higiene Personal, Limpieza, Lácteos.
2026-09-27 17:05:10,065 | WARNING | id_producto=P078 | columna=categoria | valor_recibido='Mascotas' | regla=RN-05 | Error: categoría no válida. Categorías permitidas: Alimentos, Bebestibles, Cuidado Mascotas, Higiene Personal, Limpieza, Lácteos.
2026-09-27 17:05:10,066 | WARNING | id_producto=P079 | columna=categoria | valor_recibido='Mascotas' | regla=RN-05 | Error: categoría no válida. Categorías permitidas: Alimentos, Bebestibles, Cuidado Mascotas, Higiene Personal, Limpieza, Lácteos.
2026-09-27 17:05:10,066 | WARNING | id_producto=P084 | columna=categoria | valor_recibido='Ferretería Básica' | regla=RN-05 | Error: categoría no válida. Categorías permitidas: Alimentos, Bebestibles, Cuidado Mascotas, Higiene Personal, Limpieza, Lácteos.
2026-09-27 17:05:10,066 | WARNING | id_producto=P085 | columna=categoria | valor_recibido='Snacks y Confitería' | regla=RN-05 | Error: categoría no válida. Categorías permitidas: Alimentos, Bebestibles, Cuidado Mascotas, Higiene Personal, Limpieza, Lácteos.
2026-09-27 17:05:10,066 | WARNING | id_producto=P086 | columna=categoria | valor_recibido='Mascotas' | regla=RN-05 | Error: categoría no válida. Categorías permitidas: Alimentos, Bebestibles, Cuidado Mascotas, Higiene Personal, Limpieza, Lácteos.
2026-09-27 17:05:10,066 | WARNING | id_producto=P091 | columna=categoria | valor_recibido='Ferretería Básica' | regla=RN-05 | Error: categoría no válida. Categorías permitidas: Alimentos, Bebestibles, Cuidado Mascotas, Higiene Personal, Limpieza, Lácteos.
2026-09-27 17:05:10,066 | WARNING | id_producto=P092 | columna=categoria | valor_recibido='Mascotas' | regla=RN-05 | Error: categoría no válida. Categorías permitidas: Alimentos, Bebestibles, Cuidado Mascotas, Higiene Personal, Limpieza, Lácteos.
2026-09-27 17:05:10,066 | WARNING | id_producto=P093 | columna=categoria | valor_recibido='Snacks y Confitería' | regla=RN-05 | Error: categoría no válida. Categorías permitidas: Alimentos, Bebestibles, Cuidado Mascotas, Higiene Personal, Limpieza, Lácteos.
2026-09-27 17:05:10,066 | WARNING | id_producto=P097 | columna=categoria | valor_recibido='Snacks y Confitería' | regla=RN-05 | Error: categoría no válida. Categorías permitidas: Alimentos, Bebestibles, Cuidado Mascotas, Higiene Personal, Limpieza, Lácteos.
2026-09-27 17:05:10,066 | WARNING | id_producto=P102 | columna=categoria | valor_recibido='Mascotas' | regla=RN-05 | Error: categoría no válida. Categorías permitidas: Alimentos, Bebestibles, Cuidado Mascotas, Higiene Personal, Limpieza, Lácteos.
2026-09-27 17:05:10,066 | WARNING | id_producto=P108 | columna=categoria | valor_recibido='Mascotas' | regla=RN-05 | Error: categoría no válida. Categorías permitidas: Alimentos, Bebestibles, Cuidado Mascotas, Higiene Personal, Limpieza, Lácteos.
2026-09-27 17:05:10,066 | WARNING | id_producto=P109 | columna=categoria | valor_recibido='Snacks y Confitería' | regla=RN-05 | Error: categoría no válida. Categorías permitidas: Alimentos, Bebestibles, Cuidado Mascotas, Higiene Personal, Limpieza, Lácteos.
2026-09-27 17:05:10,066 | WARNING | id_producto=P125 | columna=categoria | valor_recibido='Ferretería Básica' | regla=RN-05 | Error: categoría no válida. Categorías permitidas: Alimentos, Bebestibles, Cuidado Mascotas, Higiene Personal, Limpieza, Lácteos.
2026-09-27 17:05:10,066 | WARNING | id_producto=P128 | columna=categoria | valor_recibido='Snacks y Confitería' | regla=RN-05 | Error: categoría no válida. Categorías permitidas: Alimentos, Bebestibles, Cuidado Mascotas, Higiene Personal, Limpieza, Lácteos.
2026-09-27 17:05:10,066 | WARNING | id_producto=P132 | columna=categoria | valor_recibido='Snacks y Confitería' | regla=RN-05 | Error: categoría no válida. Categorías permitidas: Alimentos, Bebestibles, Cuidado Mascotas, Higiene Personal, Limpieza, Lácteos.
2026-09-27 17:05:10,066 | WARNING | id_producto=P133 | columna=categoria | valor_recibido='Mascotas' | regla=RN-05 | Error: categoría no válida. Categorías permitidas: Alimentos, Bebestibles, Cuidado Mascotas, Higiene Personal, Limpieza, Lácteos.
2026-09-27 17:05:10,067 | WARNING | id_producto=P142 | columna=categoria | valor_recibido='Snacks y Confitería' | regla=RN-05 | Error: categoría no válida. Categorías permitidas: Alimentos, Bebestibles, Cuidado Mascotas, Higiene Personal, Limpieza, Lácteos.
2026-09-27 17:05:10,067 | WARNING | id_producto=P145 | columna=categoria | valor_recibido='Mascotas' | regla=RN-05 | Error: categoría no válida. Categorías permitidas: Alimentos, Bebestibles, Cuidado Mascotas, Higiene Personal, Limpieza, Lácteos.
2026-09-27 17:05:10,067 | WARNING | id_producto=P146 | columna=categoria | valor_recibido='Snacks y Confitería' | regla=RN-05 | Error: categoría no válida. Categorías permitidas: Alimentos, Bebestibles, Cuidado Mascotas, Higiene Personal, Limpieza, Lácteos.
2026-09-27 17:05:10,067 | WARNING | id_producto=P148 | columna=categoria | valor_recibido='Snacks y Confitería' | regla=RN-05 | Error: categoría no válida. Categorías permitidas: Alimentos, Bebestibles, Cuidado Mascotas, Higiene Personal, Limpieza, Lácteos.
2026-09-27 17:05:10,067 | WARNING | id_producto=P153 | columna=categoria | valor_recibido='Snacks y Confitería' | regla=RN-05 | Error: categoría no válida. Categorías permitidas: Alimentos, Bebestibles, Cuidado Mascotas, Higiene Personal, Limpieza, Lácteos.
2026-09-27 17:05:10,067 | WARNING | id_producto=P155 | columna=categoria | valor_recibido='Ferretería Básica' | regla=RN-05 | Error: categoría no válida. Categorías permitidas: Alimentos, Bebestibles, Cuidado Mascotas, Higiene Personal, Limpieza, Lácteos.
2026-09-27 17:05:10,067 | WARNING | id_producto=P158 | columna=categoria | valor_recibido='Mascotas' | regla=RN-05 | Error: categoría no válida. Categorías permitidas: Alimentos, Bebestibles, Cuidado Mascotas, Higiene Personal, Limpieza, Lácteos.
2026-09-27 17:05:10,067 | WARNING | id_producto=P160 | columna=categoria | valor_recibido='Snacks y Confitería' | regla=RN-05 | Error: categoría no válida. Categorías permitidas: Alimentos, Bebestibles, Cuidado Mascotas, Higiene Personal, Limpieza, Lácteos.
2026-09-27 17:05:10,067 | WARNING | id_producto=P163 | columna=categoria | valor_recibido='Ferretería Básica' | regla=RN-05 | Error: categoría no válida. Categorías permitidas: Alimentos, Bebestibles, Cuidado Mascotas, Higiene Personal, Limpieza, Lácteos.
2026-09-27 17:05:10,067 | WARNING | id_producto=P165 | columna=categoria | valor_recibido='Ferretería Básica' | regla=RN-05 | Error: categoría no válida. Categorías permitidas: Alimentos, Bebestibles, Cuidado Mascotas, Higiene Personal, Limpieza, Lácteos.
2026-09-27 17:05:10,067 | WARNING | id_producto=P166 | columna=categoria | valor_recibido='Mascotas' | regla=RN-05 | Error: categoría no válida. Categorías permitidas: Alimentos, Bebestibles, Cuidado Mascotas, Higiene Personal, Limpieza, Lácteos.
2026-09-27 17:05:10,067 | WARNING | id_producto=P171 | columna=categoria | valor_recibido='Mascotas' | regla=RN-05 | Error: categoría no válida. Categorías permitidas: Alimentos, Bebestibles, Cuidado Mascotas, Higiene Personal, Limpieza, Lácteos.
2026-09-27 17:05:10,067 | WARNING | id_producto=P174 | columna=categoria | valor_recibido='Snacks y Confitería' | regla=RN-05 | Error: categoría no válida. Categorías permitidas: Alimentos, Bebestibles, Cuidado Mascotas, Higiene Personal, Limpieza, Lácteos.
2026-09-27 17:05:10,067 | WARNING | id_producto=P187 | columna=categoria | valor_recibido='Snacks y Confitería' | regla=RN-05 | Error: categoría no válida. Categorías permitidas: Alimentos, Bebestibles, Cuidado Mascotas, Higiene Personal, Limpieza, Lácteos.
2026-09-27 17:05:10,067 | WARNING | id_producto=P190 | columna=categoria | valor_recibido='Snacks y Confitería' | regla=RN-05 | Error: categoría no válida. Categorías permitidas: Alimentos, Bebestibles, Cuidado Mascotas, Higiene Personal, Limpieza, Lácteos.
2026-09-27 17:05:10,067 | WARNING | id_producto=P192 | columna=categoria | valor_recibido='Snacks y Confitería' | regla=RN-05 | Error: categoría no válida. Categorías permitidas: Alimentos, Bebestibles, Cuidado Mascotas, Higiene Personal, Limpieza, Lácteos.
2026-09-27 17:05:10,067 | WARNING | id_producto=P197 | columna=categoria | valor_recibido='Ferretería Básica' | regla=RN-05 | Error: categoría no válida. Categorías permitidas: Alimentos, Bebestibles, Cuidado Mascotas, Higiene Personal, Limpieza, Lácteos.
2026-09-27 17:05:10,068 | WARNING | id_producto=P200 | columna=categoria | valor_recibido='Snacks y Confitería' | regla=RN-05 | Error: categoría no válida. Categorías permitidas: Alimentos, Bebestibles, Cuidado Mascotas, Higiene Personal, Limpieza, Lácteos.
2026-09-27 17:05:10,068 | WARNING | id_producto=P210 | columna=categoria | valor_recibido='Snacks y Confitería' | regla=RN-05 | Error: categoría no válida. Categorías permitidas: Alimentos, Bebestibles, Cuidado Mascotas, Higiene Personal, Limpieza, Lácteos.
2026-09-27 17:05:10,068 | WARNING | id_producto=P211 | columna=categoria | valor_recibido='Snacks y Confitería' | regla=RN-05 | Error: categoría no válida. Categorías permitidas: Alimentos, Bebestibles, Cuidado Mascotas, Higiene Personal, Limpieza, Lácteos.
2026-09-27 17:05:10,068 | WARNING | id_producto=P212 | columna=categoria | valor_recibido='Snacks y Confitería' | regla=RN-05 | Error: categoría no válida. Categorías permitidas: Alimentos, Bebestibles, Cuidado Mascotas, Higiene Personal, Limpieza, Lácteos.
2026-09-27 17:05:10,068 | WARNING | id_producto=P216 | columna=categoria | valor_recibido='Ferretería Básica' | regla=RN-05 | Error: categoría no válida. Categorías permitidas: Alimentos, Bebestibles, Cuidado Mascotas, Higiene Personal, Limpieza, Lácteos.
2026-09-27 17:05:10,068 | WARNING | id_producto=P217 | columna=categoria | valor_recibido='Snacks y Confitería' | regla=RN-05 | Error: categoría no válida. Categorías permitidas: Alimentos, Bebestibles, Cuidado Mascotas, Higiene Personal, Limpieza, Lácteos.
2026-09-27 17:05:10,068 | WARNING | id_producto=P239 | columna=categoria | valor_recibido='Ferretería Básica' | regla=RN-05 | Error: categoría no válida. Categorías permitidas: Alimentos, Bebestibles, Cuidado Mascotas, Higiene Personal, Limpieza, Lácteos.
2026-09-27 17:05:10,068 | WARNING | id_producto=P240 | columna=categoria | valor_recibido='Snacks y Confitería' | regla=RN-05 | Error: categoría no válida. Categorías permitidas: Alimentos, Bebestibles, Cuidado Mascotas, Higiene Personal, Limpieza, Lácteos.
2026-09-27 17:05:10,068 | WARNING | id_producto=P241 | columna=categoria | valor_recibido='Snacks y Confitería' | regla=RN-05 | Error: categoría no válida. Categorías permitidas: Alimentos, Bebestibles, Cuidado Mascotas, Higiene Personal, Limpieza, Lácteos.
2026-09-27 17:05:10,068 | WARNING | id_producto=P242 | columna=categoria | valor_recibido='Ferretería Básica' | regla=RN-05 | Error: categoría no válida. Categorías permitidas: Alimentos, Bebestibles, Cuidado Mascotas, Higiene Personal, Limpieza, Lácteos.
2026-09-27 17:05:10,068 | WARNING | id_producto=P243 | columna=categoria | valor_recibido='Ferretería Básica' | regla=RN-05 | Error: categoría no válida. Categorías permitidas: Alimentos, Bebestibles, Cuidado Mascotas, Higiene Personal, Limpieza, Lácteos.
2026-09-27 17:05:10,068 | WARNING | id_producto=P247 | columna=categoria | valor_recibido='Mascotas' | regla=RN-05 | Error: categoría no válida. Categorías permitidas: Alimentos, Bebestibles, Cuidado Mascotas, Higiene Personal, Limpieza, Lácteos.
2026-09-27 17:05:10,068 | WARNING | id_producto=P248 | columna=categoria | valor_recibido='Ferretería Básica' | regla=RN-05 | Error: categoría no válida. Categorías permitidas: Alimentos, Bebestibles, Cuidado Mascotas, Higiene Personal, Limpieza, Lácteos.
2026-09-27 17:05:10,068 | WARNING | id_producto=P253 | columna=categoria | valor_recibido='Mascotas' | regla=RN-05 | Error: categoría no válida. Categorías permitidas: Alimentos, Bebestibles, Cuidado Mascotas, Higiene Personal, Limpieza, Lácteos.
2026-09-27 17:05:10,068 | WARNING | id_producto=P255 | columna=categoria | valor_recibido='Mascotas' | regla=RN-05 | Error: categoría no válida. Categorías permitidas: Alimentos, Bebestibles, Cuidado Mascotas, Higiene Personal, Limpieza, Lácteos.
2026-09-27 17:05:10,069 | WARNING | id_producto=P262 | columna=categoria | valor_recibido='Snacks y Confitería' | regla=RN-05 | Error: categoría no válida. Categorías permitidas: Alimentos, Bebestibles, Cuidado Mascotas, Higiene Personal, Limpieza, Lácteos.
2026-09-27 17:05:10,069 | WARNING | id_producto=P265 | columna=categoria | valor_recibido='Mascotas' | regla=RN-05 | Error: categoría no válida. Categorías permitidas: Alimentos, Bebestibles, Cuidado Mascotas, Higiene Personal, Limpieza, Lácteos.
2026-09-27 17:05:10,069 | WARNING | id_producto=P266 | columna=categoria | valor_recibido='Ferretería Básica' | regla=RN-05 | Error: categoría no válida. Categorías permitidas: Alimentos, Bebestibles, Cuidado Mascotas, Higiene Personal, Limpieza, Lácteos.
2026-09-27 17:05:10,069 | WARNING | id_producto=P278 | columna=categoria | valor_recibido='Snacks y Confitería' | regla=RN-05 | Error: categoría no válida. Categorías permitidas: Alimentos, Bebestibles, Cuidado Mascotas, Higiene Personal, Limpieza, Lácteos.
2026-09-27 17:05:10,069 | WARNING | id_producto=P279 | columna=categoria | valor_recibido='Mascotas' | regla=RN-05 | Error: categoría no válida. Categorías permitidas: Alimentos, Bebestibles, Cuidado Mascotas, Higiene Personal, Limpieza, Lácteos.
2026-09-27 17:05:10,069 | WARNING | id_producto=P281 | columna=categoria | valor_recibido='Mascotas' | regla=RN-05 | Error: categoría no válida. Categorías permitidas: Alimentos, Bebestibles, Cuidado Mascotas, Higiene Personal, Limpieza, Lácteos.
2026-09-27 17:05:10,069 | WARNING | id_producto=P291 | columna=categoria | valor_recibido='Snacks y Confitería' | regla=RN-05 | Error: categoría no válida. Categorías permitidas: Alimentos, Bebestibles, Cuidado Mascotas, Higiene Personal, Limpieza, Lácteos.
2026-09-27 17:05:10,069 | WARNING | id_producto=P294 | columna=categoria | valor_recibido='Snacks y Confitería' | regla=RN-05 | Error: categoría no válida. Categorías permitidas: Alimentos, Bebestibles, Cuidado Mascotas, Higiene Personal, Limpieza, Lácteos.
2026-09-27 17:05:10,069 | WARNING | id_producto=P298 | columna=categoria | valor_recibido='Mascotas' | regla=RN-05 | Error: categoría no válida. Categorías permitidas: Alimentos, Bebestibles, Cuidado Mascotas, Higiene Personal, Limpieza, Lácteos.
2026-09-27 17:05:10,069 | WARNING | id_producto=P299 | columna=categoria | valor_recibido='Ferretería Básica' | regla=RN-05 | Error: categoría no válida. Categorías permitidas: Alimentos, Bebestibles, Cuidado Mascotas, Higiene Personal, Limpieza, Lácteos.
2026-09-27 17:05:10,069 | WARNING | id_producto=P304 | columna=categoria | valor_recibido='Mascotas' | regla=RN-05 | Error: categoría no válida. Categorías permitidas: Alimentos, Bebestibles, Cuidado Mascotas, Higiene Personal, Limpieza, Lácteos.
2026-09-27 17:05:10,069 | WARNING | id_producto=P311 | columna=categoria | valor_recibido='Snacks y Confitería' | regla=RN-05 | Error: categoría no válida. Categorías permitidas: Alimentos, Bebestibles, Cuidado Mascotas, Higiene Personal, Limpieza, Lácteos.
2026-09-27 17:05:10,069 | WARNING | id_producto=P313 | columna=categoria | valor_recibido='Mascotas' | regla=RN-05 | Error: categoría no válida. Categorías permitidas: Alimentos, Bebestibles, Cuidado Mascotas, Higiene Personal, Limpieza, Lácteos.
2026-09-27 17:05:10,069 | WARNING | id_producto=P315 | columna=categoria | valor_recibido='Snacks y Confitería' | regla=RN-05 | Error: categoría no válida. Categorías permitidas: Alimentos, Bebestibles, Cuidado Mascotas, Higiene Personal, Limpieza, Lácteos.
2026-09-27 17:05:10,070 | WARNING | id_producto=P320 | columna=categoria | valor_recibido='Ferretería Básica' | regla=RN-05 | Error: categoría no válida. Categorías permitidas: Alimentos, Bebestibles, Cuidado Mascotas, Higiene Personal, Limpieza, Lácteos.
2026-09-27 17:05:10,070 | WARNING | id_producto=P324 | columna=categoria | valor_recibido='Snacks y Confitería' | regla=RN-05 | Error: categoría no válida. Categorías permitidas: Alimentos, Bebestibles, Cuidado Mascotas, Higiene Personal, Limpieza, Lácteos.
2026-09-27 17:05:10,070 | WARNING | id_producto=P331 | columna=categoria | valor_recibido='Snacks y Confitería' | regla=RN-05 | Error: categoría no válida. Categorías permitidas: Alimentos, Bebestibles, Cuidado Mascotas, Higiene Personal, Limpieza, Lácteos.
2026-09-27 17:05:10,070 | WARNING | id_producto=P335 | columna=categoria | valor_recibido='Snacks y Confitería' | regla=RN-05 | Error: categoría no válida. Categorías permitidas: Alimentos, Bebestibles, Cuidado Mascotas, Higiene Personal, Limpieza, Lácteos.
2026-09-27 17:05:10,070 | WARNING | id_producto=P337 | columna=categoria | valor_recibido='Mascotas' | regla=RN-05 | Error: categoría no válida. Categorías permitidas: Alimentos, Bebestibles, Cuidado Mascotas, Higiene Personal, Limpieza, Lácteos.
2026-09-27 17:05:10,070 | WARNING | id_producto=P338 | columna=categoria | valor_recibido='Snacks y Confitería' | regla=RN-05 | Error: categoría no válida. Categorías permitidas: Alimentos, Bebestibles, Cuidado Mascotas, Higiene Personal, Limpieza, Lácteos.
2026-09-27 17:05:10,070 | WARNING | id_producto=P341 | columna=categoria | valor_recibido='Ferretería Básica' | regla=RN-05 | Error: categoría no válida. Categorías permitidas: Alimentos, Bebestibles, Cuidado Mascotas, Higiene Personal, Limpieza, Lácteos.
2026-09-27 17:05:10,070 | WARNING | id_producto=P342 | columna=categoria | valor_recibido='Ferretería Básica' | regla=RN-05 | Error: categoría no válida. Categorías permitidas: Alimentos, Bebestibles, Cuidado Mascotas, Higiene Personal, Limpieza, Lácteos.
2026-09-27 17:05:10,070 | WARNING | id_producto=P346 | columna=categoria | valor_recibido='Mascotas' | regla=RN-05 | Error: categoría no válida. Categorías permitidas: Alimentos, Bebestibles, Cuidado Mascotas, Higiene Personal, Limpieza, Lácteos.
2026-09-27 17:05:10,070 | WARNING | id_producto=P353 | columna=categoria | valor_recibido='Ferretería Básica' | regla=RN-05 | Error: categoría no válida. Categorías permitidas: Alimentos, Bebestibles, Cuidado Mascotas, Higiene Personal, Limpieza, Lácteos.
2026-09-27 17:05:10,070 | WARNING | id_producto=P354 | columna=categoria | valor_recibido='Snacks y Confitería' | regla=RN-05 | Error: categoría no válida. Categorías permitidas: Alimentos, Bebestibles, Cuidado Mascotas, Higiene Personal, Limpieza, Lácteos.
2026-09-27 17:05:10,070 | WARNING | id_producto=P359 | columna=categoria | valor_recibido='Mascotas' | regla=RN-05 | Error: categoría no válida. Categorías permitidas: Alimentos, Bebestibles, Cuidado Mascotas, Higiene Personal, Limpieza, Lácteos.
2026-09-27 17:05:10,070 | WARNING | id_producto=P360 | columna=categoria | valor_recibido='Ferretería Básica' | regla=RN-05 | Error: categoría no válida. Categorías permitidas: Alimentos, Bebestibles, Cuidado Mascotas, Higiene Personal, Limpieza, Lácteos.
2026-09-27 17:05:10,070 | WARNING | id_producto=P366 | columna=categoria | valor_recibido='Mascotas' | regla=RN-05 | Error: categoría no válida. Categorías permitidas: Alimentos, Bebestibles, Cuidado Mascotas, Higiene Personal, Limpieza, Lácteos.
2026-09-27 17:05:10,070 | WARNING | id_producto=P370 | columna=categoria | valor_recibido='Mascotas' | regla=RN-05 | Error: categoría no válida. Categorías permitidas: Alimentos, Bebestibles, Cuidado Mascotas, Higiene Personal, Limpieza, Lácteos.
2026-09-27 17:05:10,070 | WARNING | id_producto=P375 | columna=categoria | valor_recibido='Snacks y Confitería' | regla=RN-05 | Error: categoría no válida. Categorías permitidas: Alimentos, Bebestibles, Cuidado Mascotas, Higiene Personal, Limpieza, Lácteos.
2026-09-27 17:05:10,071 | WARNING | id_producto=P382 | columna=categoria | valor_recibido='Snacks y Confitería' | regla=RN-05 | Error: categoría no válida. Categorías permitidas: Alimentos, Bebestibles, Cuidado Mascotas, Higiene Personal, Limpieza, Lácteos.
2026-09-27 17:05:10,071 | WARNING | id_producto=P383 | columna=categoria | valor_recibido='Ferretería Básica' | regla=RN-05 | Error: categoría no válida. Categorías permitidas: Alimentos, Bebestibles, Cuidado Mascotas, Higiene Personal, Limpieza, Lácteos.
2026-09-27 17:05:10,071 | WARNING | id_producto=P388 | columna=categoria | valor_recibido='Mascotas' | regla=RN-05 | Error: categoría no válida. Categorías permitidas: Alimentos, Bebestibles, Cuidado Mascotas, Higiene Personal, Limpieza, Lácteos.
2026-09-27 17:05:10,071 | WARNING | id_producto=P395 | columna=categoria | valor_recibido='Ferretería Básica' | regla=RN-05 | Error: categoría no válida. Categorías permitidas: Alimentos, Bebestibles, Cuidado Mascotas, Higiene Personal, Limpieza, Lácteos.
2026-09-27 17:05:10,071 | WARNING | id_producto=P401 | columna=categoria | valor_recibido='Snacks y Confitería' | regla=RN-05 | Error: categoría no válida. Categorías permitidas: Alimentos, Bebestibles, Cuidado Mascotas, Higiene Personal, Limpieza, Lácteos.
2026-09-27 17:05:10,071 | WARNING | id_producto=P404 | columna=categoria | valor_recibido='Mascotas' | regla=RN-05 | Error: categoría no válida. Categorías permitidas: Alimentos, Bebestibles, Cuidado Mascotas, Higiene Personal, Limpieza, Lácteos.
2026-09-27 17:05:10,071 | WARNING | id_producto=P407 | columna=categoria | valor_recibido='Ferretería Básica' | regla=RN-05 | Error: categoría no válida. Categorías permitidas: Alimentos, Bebestibles, Cuidado Mascotas, Higiene Personal, Limpieza, Lácteos.
2026-09-27 17:05:10,071 | WARNING | id_producto=P411 | columna=categoria | valor_recibido='Snacks y Confitería' | regla=RN-05 | Error: categoría no válida. Categorías permitidas: Alimentos, Bebestibles, Cuidado Mascotas, Higiene Personal, Limpieza, Lácteos.
2026-09-27 17:05:10,071 | WARNING | id_producto=P414 | columna=categoria | valor_recibido='Snacks y Confitería' | regla=RN-05 | Error: categoría no válida. Categorías permitidas: Alimentos, Bebestibles, Cuidado Mascotas, Higiene Personal, Limpieza, Lácteos.
2026-09-27 17:05:10,071 | WARNING | id_producto=P415 | columna=categoria | valor_recibido='Ferretería Básica' | regla=RN-05 | Error: categoría no válida. Categorías permitidas: Alimentos, Bebestibles, Cuidado Mascotas, Higiene Personal, Limpieza, Lácteos.
2026-09-27 17:05:10,071 | WARNING | id_producto=P418 | columna=categoria | valor_recibido='Snacks y Confitería' | regla=RN-05 | Error: categoría no válida. Categorías permitidas: Alimentos, Bebestibles, Cuidado Mascotas, Higiene Personal, Limpieza, Lácteos.
2026-09-27 17:05:10,071 | WARNING | id_producto=P425 | columna=categoria | valor_recibido='Mascotas' | regla=RN-05 | Error: categoría no válida. Categorías permitidas: Alimentos, Bebestibles, Cuidado Mascotas, Higiene Personal, Limpieza, Lácteos.
2026-09-27 17:05:10,071 | WARNING | id_producto=P428 | columna=categoria | valor_recibido='Mascotas' | regla=RN-05 | Error: categoría no válida. Categorías permitidas: Alimentos, Bebestibles, Cuidado Mascotas, Higiene Personal, Limpieza, Lácteos.
2026-09-27 17:05:10,071 | WARNING | id_producto=P439 | columna=categoria | valor_recibido='Mascotas' | regla=RN-05 | Error: categoría no válida. Categorías permitidas: Alimentos, Bebestibles, Cuidado Mascotas, Higiene Personal, Limpieza, Lácteos.
2026-09-27 17:05:10,071 | WARNING | id_producto=P441 | columna=categoria | valor_recibido='Ferretería Básica' | regla=RN-05 | Error: categoría no válida. Categorías permitidas: Alimentos, Bebestibles, Cuidado Mascotas, Higiene Personal, Limpieza, Lácteos.
2026-09-27 17:05:10,072 | WARNING | id_producto=P442 | columna=categoria | valor_recibido='Ferretería Básica' | regla=RN-05 | Error: categoría no válida. Categorías permitidas: Alimentos, Bebestibles, Cuidado Mascotas, Higiene Personal, Limpieza, Lácteos.
2026-09-27 17:05:10,072 | WARNING | id_producto=P444 | columna=categoria | valor_recibido='Mascotas' | regla=RN-05 | Error: categoría no válida. Categorías permitidas: Alimentos, Bebestibles, Cuidado Mascotas, Higiene Personal, Limpieza, Lácteos.
2026-09-27 17:05:10,072 | WARNING | id_producto=P449 | columna=categoria | valor_recibido='Mascotas' | regla=RN-05 | Error: categoría no válida. Categorías permitidas: Alimentos, Bebestibles, Cuidado Mascotas, Higiene Personal, Limpieza, Lácteos.
2026-09-27 17:05:10,072 | WARNING | id_producto=P452 | columna=categoria | valor_recibido='Mascotas' | regla=RN-05 | Error: categoría no válida. Categorías permitidas: Alimentos, Bebestibles, Cuidado Mascotas, Higiene Personal, Limpieza, Lácteos.
2026-09-27 17:05:10,072 | WARNING | id_producto=P460 | columna=categoria | valor_recibido='Ferretería Básica' | regla=RN-05 | Error: categoría no válida. Categorías permitidas: Alimentos, Bebestibles, Cuidado Mascotas, Higiene Personal, Limpieza, Lácteos.
2026-09-27 17:05:10,072 | WARNING | id_producto=P463 | columna=categoria | valor_recibido='Ferretería Básica' | regla=RN-05 | Error: categoría no válida. Categorías permitidas: Alimentos, Bebestibles, Cuidado Mascotas, Higiene Personal, Limpieza, Lácteos.
2026-09-27 17:05:10,072 | WARNING | id_producto=P464 | columna=categoria | valor_recibido='Ferretería Básica' | regla=RN-05 | Error: categoría no válida. Categorías permitidas: Alimentos, Bebestibles, Cuidado Mascotas, Higiene Personal, Limpieza, Lácteos.
2026-09-27 17:05:10,072 | WARNING | id_producto=P468 | columna=categoria | valor_recibido='Mascotas' | regla=RN-05 | Error: categoría no válida. Categorías permitidas: Alimentos, Bebestibles, Cuidado Mascotas, Higiene Personal, Limpieza, Lácteos.
2026-09-27 17:05:10,072 | WARNING | id_producto=P471 | columna=categoria | valor_recibido='Snacks y Confitería' | regla=RN-05 | Error: categoría no válida. Categorías permitidas: Alimentos, Bebestibles, Cuidado Mascotas, Higiene Personal, Limpieza, Lácteos.
2026-09-27 17:05:10,072 | WARNING | id_producto=P472 | columna=categoria | valor_recibido='Snacks y Confitería' | regla=RN-05 | Error: categoría no válida. Categorías permitidas: Alimentos, Bebestibles, Cuidado Mascotas, Higiene Personal, Limpieza, Lácteos.
2026-09-27 17:05:10,072 | WARNING | id_producto=P473 | columna=categoria | valor_recibido='Snacks y Confitería' | regla=RN-05 | Error: categoría no válida. Categorías permitidas: Alimentos, Bebestibles, Cuidado Mascotas, Higiene Personal, Limpieza, Lácteos.
2026-09-27 17:05:10,072 | WARNING | id_producto=P477 | columna=categoria | valor_recibido='Mascotas' | regla=RN-05 | Error: categoría no válida. Categorías permitidas: Alimentos, Bebestibles, Cuidado Mascotas, Higiene Personal, Limpieza, Lácteos.
2026-09-27 17:05:10,073 | WARNING | id_producto=P479 | columna=categoria | valor_recibido='Ferretería Básica' | regla=RN-05 | Error: categoría no válida. Categorías permitidas: Alimentos, Bebestibles, Cuidado Mascotas, Higiene Personal, Limpieza, Lácteos.
2026-09-27 17:05:10,073 | WARNING | id_producto=P480 | columna=categoria | valor_recibido='Ferretería Básica' | regla=RN-05 | Error: categoría no válida. Categorías permitidas: Alimentos, Bebestibles, Cuidado Mascotas, Higiene Personal, Limpieza, Lácteos.
2026-09-27 17:05:10,073 | WARNING | id_producto=P481 | columna=categoria | valor_recibido='Ferretería Básica' | regla=RN-05 | Error: categoría no válida. Categorías permitidas: Alimentos, Bebestibles, Cuidado Mascotas, Higiene Personal, Limpieza, Lácteos.
2026-09-27 17:05:10,073 | WARNING | id_producto=P486 | columna=categoria | valor_recibido='Mascotas' | regla=RN-05 | Error: categoría no válida. Categorías permitidas: Alimentos, Bebestibles, Cuidado Mascotas, Higiene Personal, Limpieza, Lácteos.
2026-09-27 17:05:10,073 | WARNING | id_producto=P495 | columna=categoria | valor_recibido='Snacks y Confitería' | regla=RN-05 | Error: categoría no válida. Categorías permitidas: Alimentos, Bebestibles, Cuidado Mascotas, Higiene Personal, Limpieza, Lácteos.
2026-09-27 17:05:10,073 | WARNING | id_producto=P496 | columna=categoria | valor_recibido='Snacks y Confitería' | regla=RN-05 | Error: categoría no válida. Categorías permitidas: Alimentos, Bebestibles, Cuidado Mascotas, Higiene Personal, Limpieza, Lácteos.
2026-09-27 17:05:10,073 | WARNING | id_producto=P498 | columna=categoria | valor_recibido='Snacks y Confitería' | regla=RN-05 | Error: categoría no válida. Categorías permitidas: Alimentos, Bebestibles, Cuidado Mascotas, Higiene Personal, Limpieza, Lácteos.
2026-09-27 17:05:10,073 | WARNING | id_producto=P499 | columna=categoria | valor_recibido='Mascotas' | regla=RN-05 | Error: categoría no válida. Categorías permitidas: Alimentos, Bebestibles, Cuidado Mascotas, Higiene Personal, Limpieza, Lácteos.
2026-09-27 17:05:10,074 | INFO | Finaliza intento de escritura del archivo | ruta=ordenes_compra_urgente_v3.csv
2026-09-27 17:05:10,074 | INFO | Archivo de salida generado | ruta=ordenes_compra_urgente_v3.csv | ordenes_escritas=25
2026-09-27 17:05:10,076 | INFO | Ejecución exitosa | validos=362 | descartados=138 | urgentes=25
2026-09-27 17:05:10,077 | INFO | Ejecución finalizada.
2026-09-27 17:07:19,607 | INFO | Sistema de logging configurado.
2026-09-27 17:07:19,607 | INFO | Inicio de ejecución del procesador de inventario.
2026-09-27 17:07:19,607 | ERROR | Archivo de entrada no encontrado | ruta=data/inventario_cd.csv
2026-09-27 17:07:19,608 | INFO | Finaliza intento de lectura del archivo | ruta=data/inventario_cd.csv
2026-09-27 17:07:19,608 | ERROR | Error crítico: no se encontró el archivo de entrada. Revise la ruta y la disponibilidad del archivo.
2026-09-27 17:07:19,608 | INFO | Ejecución finalizada.
2026-09-27 17:08:47,304 | INFO | Sistema de logging configurado.
2026-09-27 17:08:47,304 | INFO | Inicio de ejecución del procesador de inventario.
2026-09-27 17:08:47,306 | INFO | Finaliza intento de lectura del archivo | ruta=data/inventario_cd.csv
2026-09-27 17:08:47,306 | INFO | Lectura exitosa | ruta=data/inventario_cd.csv | registros_leidos=500
2026-09-27 17:08:47,306 | WARNING | id_producto=P008 | columna=categoria | valor_recibido='Mascotas' | regla=RN-05 | Error: categoría no válida. Categorías permitidas: Alimentos, Bebestibles, Cuidado Mascotas, Higiene Personal, Limpieza, Lácteos.
2026-09-27 17:08:47,306 | WARNING | id_producto=P012 | columna=categoria | valor_recibido='Ferretería Básica' | regla=RN-05 | Error: categoría no válida. Categorías permitidas: Alimentos, Bebestibles, Cuidado Mascotas, Higiene Personal, Limpieza, Lácteos.
2026-09-27 17:08:47,306 | WARNING | id_producto=P017 | columna=categoria | valor_recibido='Ferretería Básica' | regla=RN-05 | Error: categoría no válida. Categorías permitidas: Alimentos, Bebestibles, Cuidado Mascotas, Higiene Personal, Limpieza, Lácteos.
2026-09-27 17:08:47,306 | WARNING | id_producto=P020 | columna=categoria | valor_recibido='Ferretería Básica' | regla=RN-05 | Error: categoría no válida. Categorías permitidas: Alimentos, Bebestibles, Cuidado Mascotas, Higiene Personal, Limpieza, Lácteos.
2026-09-27 17:08:47,306 | WARNING | id_producto=P024 | columna=categoria | valor_recibido='Snacks y Confitería' | regla=RN-05 | Error: categoría no válida. Categorías permitidas: Alimentos, Bebestibles, Cuidado Mascotas, Higiene Personal, Limpieza, Lácteos.
2026-09-27 17:08:47,306 | WARNING | id_producto=P026 | columna=categoria | valor_recibido='Mascotas' | regla=RN-05 | Error: categoría no válida. Categorías permitidas: Alimentos, Bebestibles, Cuidado Mascotas, Higiene Personal, Limpieza, Lácteos.
2026-09-27 17:08:47,307 | WARNING | id_producto=P027 | columna=categoria | valor_recibido='Snacks y Confitería' | regla=RN-05 | Error: categoría no válida. Categorías permitidas: Alimentos, Bebestibles, Cuidado Mascotas, Higiene Personal, Limpieza, Lácteos.
2026-09-27 17:08:47,307 | WARNING | id_producto=P029 | columna=categoria | valor_recibido='Ferretería Básica' | regla=RN-05 | Error: categoría no válida. Categorías permitidas: Alimentos, Bebestibles, Cuidado Mascotas, Higiene Personal, Limpieza, Lácteos.
2026-09-27 17:08:47,307 | WARNING | id_producto=P031 | columna=categoria | valor_recibido='Ferretería Básica' | regla=RN-05 | Error: categoría no válida. Categorías permitidas: Alimentos, Bebestibles, Cuidado Mascotas, Higiene Personal, Limpieza, Lácteos.
2026-09-27 17:08:47,307 | WARNING | id_producto=P032 | columna=categoria | valor_recibido='Mascotas' | regla=RN-05 | Error: categoría no válida. Categorías permitidas: Alimentos, Bebestibles, Cuidado Mascotas, Higiene Personal, Limpieza, Lácteos.
2026-09-27 17:08:47,307 | WARNING | id_producto=P034 | columna=categoria | valor_recibido='Snacks y Confitería' | regla=RN-05 | Error: categoría no válida. Categorías permitidas: Alimentos, Bebestibles, Cuidado Mascotas, Higiene Personal, Limpieza, Lácteos.
2026-09-27 17:08:47,307 | WARNING | id_producto=P035 | columna=categoria | valor_recibido='Snacks y Confitería' | regla=RN-05 | Error: categoría no válida. Categorías permitidas: Alimentos, Bebestibles, Cuidado Mascotas, Higiene Personal, Limpieza, Lácteos.
2026-09-27 17:08:47,307 | WARNING | id_producto=P038 | columna=categoria | valor_recibido='Snacks y Confitería' | regla=RN-05 | Error: categoría no válida. Categorías permitidas: Alimentos, Bebestibles, Cuidado Mascotas, Higiene Personal, Limpieza, Lácteos.
2026-09-27 17:08:47,307 | WARNING | id_producto=P039 | columna=categoria | valor_recibido='Ferretería Básica' | regla=RN-05 | Error: categoría no válida. Categorías permitidas: Alimentos, Bebestibles, Cuidado Mascotas, Higiene Personal, Limpieza, Lácteos.
2026-09-27 17:08:47,307 | WARNING | id_producto=P043 | columna=categoria | valor_recibido='Mascotas' | regla=RN-05 | Error: categoría no válida. Categorías permitidas: Alimentos, Bebestibles, Cuidado Mascotas, Higiene Personal, Limpieza, Lácteos.
2026-09-27 17:08:47,307 | WARNING | id_producto=P046 | columna=categoria | valor_recibido='Ferretería Básica' | regla=RN-05 | Error: categoría no válida. Categorías permitidas: Alimentos, Bebestibles, Cuidado Mascotas, Higiene Personal, Limpieza, Lácteos.
2026-09-27 17:08:47,307 | WARNING | id_producto=P049 | columna=categoria | valor_recibido='Ferretería Básica' | regla=RN-05 | Error: categoría no válida. Categorías permitidas: Alimentos, Bebestibles, Cuidado Mascotas, Higiene Personal, Limpieza, Lácteos.
2026-09-27 17:08:47,307 | WARNING | id_producto=P057 | columna=categoria | valor_recibido='Snacks y Confitería' | regla=RN-05 | Error: categoría no válida. Categorías permitidas: Alimentos, Bebestibles, Cuidado Mascotas, Higiene Personal, Limpieza, Lácteos.
2026-09-27 17:08:47,307 | WARNING | id_producto=P058 | columna=categoria | valor_recibido='Mascotas' | regla=RN-05 | Error: categoría no válida. Categorías permitidas: Alimentos, Bebestibles, Cuidado Mascotas, Higiene Personal, Limpieza, Lácteos.
2026-09-27 17:08:47,307 | WARNING | id_producto=P060 | columna=categoria | valor_recibido='Ferretería Básica' | regla=RN-05 | Error: categoría no válida. Categorías permitidas: Alimentos, Bebestibles, Cuidado Mascotas, Higiene Personal, Limpieza, Lácteos.
2026-09-27 17:08:47,307 | WARNING | id_producto=P065 | columna=categoria | valor_recibido='Snacks y Confitería' | regla=RN-05 | Error: categoría no válida. Categorías permitidas: Alimentos, Bebestibles, Cuidado Mascotas, Higiene Personal, Limpieza, Lácteos.
2026-09-27 17:08:47,307 | WARNING | id_producto=P068 | columna=categoria | valor_recibido='Snacks y Confitería' | regla=RN-05 | Error: categoría no válida. Categorías permitidas: Alimentos, Bebestibles, Cuidado Mascotas, Higiene Personal, Limpieza, Lácteos.
2026-09-27 17:08:47,307 | WARNING | id_producto=P074 | columna=categoria | valor_recibido='Snacks y Confitería' | regla=RN-05 | Error: categoría no válida. Categorías permitidas: Alimentos, Bebestibles, Cuidado Mascotas, Higiene Personal, Limpieza, Lácteos.
2026-09-27 17:08:47,308 | WARNING | id_producto=P075 | columna=categoria | valor_recibido='Mascotas' | regla=RN-05 | Error: categoría no válida. Categorías permitidas: Alimentos, Bebestibles, Cuidado Mascotas, Higiene Personal, Limpieza, Lácteos.
2026-09-27 17:08:47,308 | WARNING | id_producto=P077 | columna=categoria | valor_recibido='Snacks y Confitería' | regla=RN-05 | Error: categoría no válida. Categorías permitidas: Alimentos, Bebestibles, Cuidado Mascotas, Higiene Personal, Limpieza, Lácteos.
2026-09-27 17:08:47,308 | WARNING | id_producto=P078 | columna=categoria | valor_recibido='Mascotas' | regla=RN-05 | Error: categoría no válida. Categorías permitidas: Alimentos, Bebestibles, Cuidado Mascotas, Higiene Personal, Limpieza, Lácteos.
2026-09-27 17:08:47,308 | WARNING | id_producto=P079 | columna=categoria | valor_recibido='Mascotas' | regla=RN-05 | Error: categoría no válida. Categorías permitidas: Alimentos, Bebestibles, Cuidado Mascotas, Higiene Personal, Limpieza, Lácteos.
2026-09-27 17:08:47,308 | WARNING | id_producto=P084 | columna=categoria | valor_recibido='Ferretería Básica' | regla=RN-05 | Error: categoría no válida. Categorías permitidas: Alimentos, Bebestibles, Cuidado Mascotas, Higiene Personal, Limpieza, Lácteos.
2026-09-27 17:08:47,308 | WARNING | id_producto=P085 | columna=categoria | valor_recibido='Snacks y Confitería' | regla=RN-05 | Error: categoría no válida. Categorías permitidas: Alimentos, Bebestibles, Cuidado Mascotas, Higiene Personal, Limpieza, Lácteos.
2026-09-27 17:08:47,308 | WARNING | id_producto=P086 | columna=categoria | valor_recibido='Mascotas' | regla=RN-05 | Error: categoría no válida. Categorías permitidas: Alimentos, Bebestibles, Cuidado Mascotas, Higiene Personal, Limpieza, Lácteos.
2026-09-27 17:08:47,308 | WARNING | id_producto=P091 | columna=categoria | valor_recibido='Ferretería Básica' | regla=RN-05 | Error: categoría no válida. Categorías permitidas: Alimentos, Bebestibles, Cuidado Mascotas, Higiene Personal, Limpieza, Lácteos.
2026-09-27 17:08:47,308 | WARNING | id_producto=P092 | columna=categoria | valor_recibido='Mascotas' | regla=RN-05 | Error: categoría no válida. Categorías permitidas: Alimentos, Bebestibles, Cuidado Mascotas, Higiene Personal, Limpieza, Lácteos.
2026-09-27 17:08:47,308 | WARNING | id_producto=P093 | columna=categoria | valor_recibido='Snacks y Confitería' | regla=RN-05 | Error: categoría no válida. Categorías permitidas: Alimentos, Bebestibles, Cuidado Mascotas, Higiene Personal, Limpieza, Lácteos.
2026-09-27 17:08:47,308 | WARNING | id_producto=P097 | columna=categoria | valor_recibido='Snacks y Confitería' | regla=RN-05 | Error: categoría no válida. Categorías permitidas: Alimentos, Bebestibles, Cuidado Mascotas, Higiene Personal, Limpieza, Lácteos.
2026-09-27 17:08:47,308 | WARNING | id_producto=P102 | columna=categoria | valor_recibido='Mascotas' | regla=RN-05 | Error: categoría no válida. Categorías permitidas: Alimentos, Bebestibles, Cuidado Mascotas, Higiene Personal, Limpieza, Lácteos.
2026-09-27 17:08:47,308 | WARNING | id_producto=P108 | columna=categoria | valor_recibido='Mascotas' | regla=RN-05 | Error: categoría no válida. Categorías permitidas: Alimentos, Bebestibles, Cuidado Mascotas, Higiene Personal, Limpieza, Lácteos.
2026-09-27 17:08:47,308 | WARNING | id_producto=P109 | columna=categoria | valor_recibido='Snacks y Confitería' | regla=RN-05 | Error: categoría no válida. Categorías permitidas: Alimentos, Bebestibles, Cuidado Mascotas, Higiene Personal, Limpieza, Lácteos.
2026-09-27 17:08:47,308 | WARNING | id_producto=P125 | columna=categoria | valor_recibido='Ferretería Básica' | regla=RN-05 | Error: categoría no válida. Categorías permitidas: Alimentos, Bebestibles, Cuidado Mascotas, Higiene Personal, Limpieza, Lácteos.
2026-09-27 17:08:47,308 | WARNING | id_producto=P128 | columna=categoria | valor_recibido='Snacks y Confitería' | regla=RN-05 | Error: categoría no válida. Categorías permitidas: Alimentos, Bebestibles, Cuidado Mascotas, Higiene Personal, Limpieza, Lácteos.
2026-09-27 17:08:47,309 | WARNING | id_producto=P132 | columna=categoria | valor_recibido='Snacks y Confitería' | regla=RN-05 | Error: categoría no válida. Categorías permitidas: Alimentos, Bebestibles, Cuidado Mascotas, Higiene Personal, Limpieza, Lácteos.
2026-09-27 17:08:47,309 | WARNING | id_producto=P133 | columna=categoria | valor_recibido='Mascotas' | regla=RN-05 | Error: categoría no válida. Categorías permitidas: Alimentos, Bebestibles, Cuidado Mascotas, Higiene Personal, Limpieza, Lácteos.
2026-09-27 17:08:47,309 | WARNING | id_producto=P142 | columna=categoria | valor_recibido='Snacks y Confitería' | regla=RN-05 | Error: categoría no válida. Categorías permitidas: Alimentos, Bebestibles, Cuidado Mascotas, Higiene Personal, Limpieza, Lácteos.
2026-09-27 17:08:47,309 | WARNING | id_producto=P145 | columna=categoria | valor_recibido='Mascotas' | regla=RN-05 | Error: categoría no válida. Categorías permitidas: Alimentos, Bebestibles, Cuidado Mascotas, Higiene Personal, Limpieza, Lácteos.
2026-09-27 17:08:47,309 | WARNING | id_producto=P146 | columna=categoria | valor_recibido='Snacks y Confitería' | regla=RN-05 | Error: categoría no válida. Categorías permitidas: Alimentos, Bebestibles, Cuidado Mascotas, Higiene Personal, Limpieza, Lácteos.
2026-09-27 17:08:47,309 | WARNING | id_producto=P148 | columna=categoria | valor_recibido='Snacks y Confitería' | regla=RN-05 | Error: categoría no válida. Categorías permitidas: Alimentos, Bebestibles, Cuidado Mascotas, Higiene Personal, Limpieza, Lácteos.
2026-09-27 17:08:47,309 | WARNING | id_producto=P153 | columna=categoria | valor_recibido='Snacks y Confitería' | regla=RN-05 | Error: categoría no válida. Categorías permitidas: Alimentos, Bebestibles, Cuidado Mascotas, Higiene Personal, Limpieza, Lácteos.
2026-09-27 17:08:47,309 | WARNING | id_producto=P155 | columna=categoria | valor_recibido='Ferretería Básica' | regla=RN-05 | Error: categoría no válida. Categorías permitidas: Alimentos, Bebestibles, Cuidado Mascotas, Higiene Personal, Limpieza, Lácteos.
2026-09-27 17:08:47,309 | WARNING | id_producto=P158 | columna=categoria | valor_recibido='Mascotas' | regla=RN-05 | Error: categoría no válida. Categorías permitidas: Alimentos, Bebestibles, Cuidado Mascotas, Higiene Personal, Limpieza, Lácteos.
2026-09-27 17:08:47,309 | WARNING | id_producto=P160 | columna=categoria | valor_recibido='Snacks y Confitería' | regla=RN-05 | Error: categoría no válida. Categorías permitidas: Alimentos, Bebestibles, Cuidado Mascotas, Higiene Personal, Limpieza, Lácteos.
2026-09-27 17:08:47,309 | WARNING | id_producto=P163 | columna=categoria | valor_recibido='Ferretería Básica' | regla=RN-05 | Error: categoría no válida. Categorías permitidas: Alimentos, Bebestibles, Cuidado Mascotas, Higiene Personal, Limpieza, Lácteos.
2026-09-27 17:08:47,309 | WARNING | id_producto=P165 | columna=categoria | valor_recibido='Ferretería Básica' | regla=RN-05 | Error: categoría no válida. Categorías permitidas: Alimentos, Bebestibles, Cuidado Mascotas, Higiene Personal, Limpieza, Lácteos.
2026-09-27 17:08:47,309 | WARNING | id_producto=P166 | columna=categoria | valor_recibido='Mascotas' | regla=RN-05 | Error: categoría no válida. Categorías permitidas: Alimentos, Bebestibles, Cuidado Mascotas, Higiene Personal, Limpieza, Lácteos.
2026-09-27 17:08:47,309 | WARNING | id_producto=P171 | columna=categoria | valor_recibido='Mascotas' | regla=RN-05 | Error: categoría no válida. Categorías permitidas: Alimentos, Bebestibles, Cuidado Mascotas, Higiene Personal, Limpieza, Lácteos.
2026-09-27 17:08:47,309 | WARNING | id_producto=P174 | columna=categoria | valor_recibido='Snacks y Confitería' | regla=RN-05 | Error: categoría no válida. Categorías permitidas: Alimentos, Bebestibles, Cuidado Mascotas, Higiene Personal, Limpieza, Lácteos.
2026-09-27 17:08:47,309 | WARNING | id_producto=P187 | columna=categoria | valor_recibido='Snacks y Confitería' | regla=RN-05 | Error: categoría no válida. Categorías permitidas: Alimentos, Bebestibles, Cuidado Mascotas, Higiene Personal, Limpieza, Lácteos.
2026-09-27 17:08:47,309 | WARNING | id_producto=P190 | columna=categoria | valor_recibido='Snacks y Confitería' | regla=RN-05 | Error: categoría no válida. Categorías permitidas: Alimentos, Bebestibles, Cuidado Mascotas, Higiene Personal, Limpieza, Lácteos.
2026-09-27 17:08:47,310 | WARNING | id_producto=P192 | columna=categoria | valor_recibido='Snacks y Confitería' | regla=RN-05 | Error: categoría no válida. Categorías permitidas: Alimentos, Bebestibles, Cuidado Mascotas, Higiene Personal, Limpieza, Lácteos.
2026-09-27 17:08:47,310 | WARNING | id_producto=P197 | columna=categoria | valor_recibido='Ferretería Básica' | regla=RN-05 | Error: categoría no válida. Categorías permitidas: Alimentos, Bebestibles, Cuidado Mascotas, Higiene Personal, Limpieza, Lácteos.
2026-09-27 17:08:47,310 | WARNING | id_producto=P200 | columna=categoria | valor_recibido='Snacks y Confitería' | regla=RN-05 | Error: categoría no válida. Categorías permitidas: Alimentos, Bebestibles, Cuidado Mascotas, Higiene Personal, Limpieza, Lácteos.
2026-09-27 17:08:47,310 | WARNING | id_producto=P210 | columna=categoria | valor_recibido='Snacks y Confitería' | regla=RN-05 | Error: categoría no válida. Categorías permitidas: Alimentos, Bebestibles, Cuidado Mascotas, Higiene Personal, Limpieza, Lácteos.
2026-09-27 17:08:47,310 | WARNING | id_producto=P211 | columna=categoria | valor_recibido='Snacks y Confitería' | regla=RN-05 | Error: categoría no válida. Categorías permitidas: Alimentos, Bebestibles, Cuidado Mascotas, Higiene Personal, Limpieza, Lácteos.
2026-09-27 17:08:47,310 | WARNING | id_producto=P212 | columna=categoria | valor_recibido='Snacks y Confitería' | regla=RN-05 | Error: categoría no válida. Categorías permitidas: Alimentos, Bebestibles, Cuidado Mascotas, Higiene Personal, Limpieza, Lácteos.
2026-09-27 17:08:47,310 | WARNING | id_producto=P216 | columna=categoria | valor_recibido='Ferretería Básica' | regla=RN-05 | Error: categoría no válida. Categorías permitidas: Alimentos, Bebestibles, Cuidado Mascotas, Higiene Personal, Limpieza, Lácteos.
2026-09-27 17:08:47,310 | WARNING | id_producto=P217 | columna=categoria | valor_recibido='Snacks y Confitería' | regla=RN-05 | Error: categoría no válida. Categorías permitidas: Alimentos, Bebestibles, Cuidado Mascotas, Higiene Personal, Limpieza, Lácteos.
2026-09-27 17:08:47,310 | WARNING | id_producto=P239 | columna=categoria | valor_recibido='Ferretería Básica' | regla=RN-05 | Error: categoría no válida. Categorías permitidas: Alimentos, Bebestibles, Cuidado Mascotas, Higiene Personal, Limpieza, Lácteos.
2026-09-27 17:08:47,310 | WARNING | id_producto=P240 | columna=categoria | valor_recibido='Snacks y Confitería' | regla=RN-05 | Error: categoría no válida. Categorías permitidas: Alimentos, Bebestibles, Cuidado Mascotas, Higiene Personal, Limpieza, Lácteos.
2026-09-27 17:08:47,310 | WARNING | id_producto=P241 | columna=categoria | valor_recibido='Snacks y Confitería' | regla=RN-05 | Error: categoría no válida. Categorías permitidas: Alimentos, Bebestibles, Cuidado Mascotas, Higiene Personal, Limpieza, Lácteos.
2026-09-27 17:08:47,310 | WARNING | id_producto=P242 | columna=categoria | valor_recibido='Ferretería Básica' | regla=RN-05 | Error: categoría no válida. Categorías permitidas: Alimentos, Bebestibles, Cuidado Mascotas, Higiene Personal, Limpieza, Lácteos.
2026-09-27 17:08:47,310 | WARNING | id_producto=P243 | columna=categoria | valor_recibido='Ferretería Básica' | regla=RN-05 | Error: categoría no válida. Categorías permitidas: Alimentos, Bebestibles, Cuidado Mascotas, Higiene Personal, Limpieza, Lácteos.
2026-09-27 17:08:47,310 | WARNING | id_producto=P247 | columna=categoria | valor_recibido='Mascotas' | regla=RN-05 | Error: categoría no válida. Categorías permitidas: Alimentos, Bebestibles, Cuidado Mascotas, Higiene Personal, Limpieza, Lácteos.
2026-09-27 17:08:47,310 | WARNING | id_producto=P248 | columna=categoria | valor_recibido='Ferretería Básica' | regla=RN-05 | Error: categoría no válida. Categorías permitidas: Alimentos, Bebestibles, Cuidado Mascotas, Higiene Personal, Limpieza, Lácteos.
2026-09-27 17:08:47,310 | WARNING | id_producto=P253 | columna=categoria | valor_recibido='Mascotas' | regla=RN-05 | Error: categoría no válida. Categorías permitidas: Alimentos, Bebestibles, Cuidado Mascotas, Higiene Personal, Limpieza, Lácteos.
2026-09-27 17:08:47,311 | WARNING | id_producto=P255 | columna=categoria | valor_recibido='Mascotas' | regla=RN-05 | Error: categoría no válida. Categorías permitidas: Alimentos, Bebestibles, Cuidado Mascotas, Higiene Personal, Limpieza, Lácteos.
2026-09-27 17:08:47,311 | WARNING | id_producto=P262 | columna=categoria | valor_recibido='Snacks y Confitería' | regla=RN-05 | Error: categoría no válida. Categorías permitidas: Alimentos, Bebestibles, Cuidado Mascotas, Higiene Personal, Limpieza, Lácteos.
2026-09-27 17:08:47,311 | WARNING | id_producto=P265 | columna=categoria | valor_recibido='Mascotas' | regla=RN-05 | Error: categoría no válida. Categorías permitidas: Alimentos, Bebestibles, Cuidado Mascotas, Higiene Personal, Limpieza, Lácteos.
2026-09-27 17:08:47,311 | WARNING | id_producto=P266 | columna=categoria | valor_recibido='Ferretería Básica' | regla=RN-05 | Error: categoría no válida. Categorías permitidas: Alimentos, Bebestibles, Cuidado Mascotas, Higiene Personal, Limpieza, Lácteos.
2026-09-27 17:08:47,311 | WARNING | id_producto=P278 | columna=categoria | valor_recibido='Snacks y Confitería' | regla=RN-05 | Error: categoría no válida. Categorías permitidas: Alimentos, Bebestibles, Cuidado Mascotas, Higiene Personal, Limpieza, Lácteos.
2026-09-27 17:08:47,311 | WARNING | id_producto=P279 | columna=categoria | valor_recibido='Mascotas' | regla=RN-05 | Error: categoría no válida. Categorías permitidas: Alimentos, Bebestibles, Cuidado Mascotas, Higiene Personal, Limpieza, Lácteos.
2026-09-27 17:08:47,311 | WARNING | id_producto=P281 | columna=categoria | valor_recibido='Mascotas' | regla=RN-05 | Error: categoría no válida. Categorías permitidas: Alimentos, Bebestibles, Cuidado Mascotas, Higiene Personal, Limpieza, Lácteos.
2026-09-27 17:08:47,311 | WARNING | id_producto=P291 | columna=categoria | valor_recibido='Snacks y Confitería' | regla=RN-05 | Error: categoría no válida. Categorías permitidas: Alimentos, Bebestibles, Cuidado Mascotas, Higiene Personal, Limpieza, Lácteos.
2026-09-27 17:08:47,311 | WARNING | id_producto=P294 | columna=categoria | valor_recibido='Snacks y Confitería' | regla=RN-05 | Error: categoría no válida. Categorías permitidas: Alimentos, Bebestibles, Cuidado Mascotas, Higiene Personal, Limpieza, Lácteos.
2026-09-27 17:08:47,311 | WARNING | id_producto=P298 | columna=categoria | valor_recibido='Mascotas' | regla=RN-05 | Error: categoría no válida. Categorías permitidas: Alimentos, Bebestibles, Cuidado Mascotas, Higiene Personal, Limpieza, Lácteos.
2026-09-27 17:08:47,311 | WARNING | id_producto=P299 | columna=categoria | valor_recibido='Ferretería Básica' | regla=RN-05 | Error: categoría no válida. Categorías permitidas: Alimentos, Bebestibles, Cuidado Mascotas, Higiene Personal, Limpieza, Lácteos.
2026-09-27 17:08:47,311 | WARNING | id_producto=P304 | columna=categoria | valor_recibido='Mascotas' | regla=RN-05 | Error: categoría no válida. Categorías permitidas: Alimentos, Bebestibles, Cuidado Mascotas, Higiene Personal, Limpieza, Lácteos.
2026-09-27 17:08:47,312 | WARNING | id_producto=P311 | columna=categoria | valor_recibido='Snacks y Confitería' | regla=RN-05 | Error: categoría no válida. Categorías permitidas: Alimentos, Bebestibles, Cuidado Mascotas, Higiene Personal, Limpieza, Lácteos.
2026-09-27 17:08:47,312 | WARNING | id_producto=P313 | columna=categoria | valor_recibido='Mascotas' | regla=RN-05 | Error: categoría no válida. Categorías permitidas: Alimentos, Bebestibles, Cuidado Mascotas, Higiene Personal, Limpieza, Lácteos.
2026-09-27 17:08:47,312 | WARNING | id_producto=P315 | columna=categoria | valor_recibido='Snacks y Confitería' | regla=RN-05 | Error: categoría no válida. Categorías permitidas: Alimentos, Bebestibles, Cuidado Mascotas, Higiene Personal, Limpieza, Lácteos.
2026-09-27 17:08:47,312 | WARNING | id_producto=P320 | columna=categoria | valor_recibido='Ferretería Básica' | regla=RN-05 | Error: categoría no válida. Categorías permitidas: Alimentos, Bebestibles, Cuidado Mascotas, Higiene Personal, Limpieza, Lácteos.
2026-09-27 17:08:47,312 | WARNING | id_producto=P324 | columna=categoria | valor_recibido='Snacks y Confitería' | regla=RN-05 | Error: categoría no válida. Categorías permitidas: Alimentos, Bebestibles, Cuidado Mascotas, Higiene Personal, Limpieza, Lácteos.
2026-09-27 17:08:47,312 | WARNING | id_producto=P331 | columna=categoria | valor_recibido='Snacks y Confitería' | regla=RN-05 | Error: categoría no válida. Categorías permitidas: Alimentos, Bebestibles, Cuidado Mascotas, Higiene Personal, Limpieza, Lácteos.
2026-09-27 17:08:47,312 | WARNING | id_producto=P335 | columna=categoria | valor_recibido='Snacks y Confitería' | regla=RN-05 | Error: categoría no válida. Categorías permitidas: Alimentos, Bebestibles, Cuidado Mascotas, Higiene Personal, Limpieza, Lácteos.
2026-09-27 17:08:47,312 | WARNING | id_producto=P337 | columna=categoria | valor_recibido='Mascotas' | regla=RN-05 | Error: categoría no válida. Categorías permitidas: Alimentos, Bebestibles, Cuidado Mascotas, Higiene Personal, Limpieza, Lácteos.
2026-09-27 17:08:47,312 | WARNING | id_producto=P338 | columna=categoria | valor_recibido='Snacks y Confitería' | regla=RN-05 | Error: categoría no válida. Categorías permitidas: Alimentos, Bebestibles, Cuidado Mascotas, Higiene Personal, Limpieza, Lácteos.
2026-09-27 17:08:47,312 | WARNING | id_producto=P341 | columna=categoria | valor_recibido='Ferretería Básica' | regla=RN-05 | Error: categoría no válida. Categorías permitidas: Alimentos, Bebestibles, Cuidado Mascotas, Higiene Personal, Limpieza, Lácteos.
2026-09-27 17:08:47,312 | WARNING | id_producto=P342 | columna=categoria | valor_recibido='Ferretería Básica' | regla=RN-05 | Error: categoría no válida. Categorías permitidas: Alimentos, Bebestibles, Cuidado Mascotas, Higiene Personal, Limpieza, Lácteos.
2026-09-27 17:08:47,312 | WARNING | id_producto=P346 | columna=categoria | valor_recibido='Mascotas' | regla=RN-05 | Error: categoría no válida. Categorías permitidas: Alimentos, Bebestibles, Cuidado Mascotas, Higiene Personal, Limpieza, Lácteos.
2026-09-27 17:08:47,312 | WARNING | id_producto=P353 | columna=categoria | valor_recibido='Ferretería Básica' | regla=RN-05 | Error: categoría no válida. Categorías permitidas: Alimentos, Bebestibles, Cuidado Mascotas, Higiene Personal, Limpieza, Lácteos.
2026-09-27 17:08:47,312 | WARNING | id_producto=P354 | columna=categoria | valor_recibido='Snacks y Confitería' | regla=RN-05 | Error: categoría no válida. Categorías permitidas: Alimentos, Bebestibles, Cuidado Mascotas, Higiene Personal, Limpieza, Lácteos.
2026-09-27 17:08:47,312 | WARNING | id_producto=P359 | columna=categoria | valor_recibido='Mascotas' | regla=RN-05 | Error: categoría no válida. Categorías permitidas: Alimentos, Bebestibles, Cuidado Mascotas, Higiene Personal, Limpieza, Lácteos.
2026-09-27 17:08:47,312 | WARNING | id_producto=P360 | columna=categoria | valor_recibido='Ferretería Básica' | regla=RN-05 | Error: categoría no válida. Categorías permitidas: Alimentos, Bebestibles, Cuidado Mascotas, Higiene Personal, Limpieza, Lácteos.
2026-09-27 17:08:47,313 | WARNING | id_producto=P366 | columna=categoria | valor_recibido='Mascotas' | regla=RN-05 | Error: categoría no válida. Categorías permitidas: Alimentos, Bebestibles, Cuidado Mascotas, Higiene Personal, Limpieza, Lácteos.
2026-09-27 17:08:47,313 | WARNING | id_producto=P370 | columna=categoria | valor_recibido='Mascotas' | regla=RN-05 | Error: categoría no válida. Categorías permitidas: Alimentos, Bebestibles, Cuidado Mascotas, Higiene Personal, Limpieza, Lácteos.
2026-09-27 17:08:47,313 | WARNING | id_producto=P375 | columna=categoria | valor_recibido='Snacks y Confitería' | regla=RN-05 | Error: categoría no válida. Categorías permitidas: Alimentos, Bebestibles, Cuidado Mascotas, Higiene Personal, Limpieza, Lácteos.
2026-09-27 17:08:47,313 | WARNING | id_producto=P382 | columna=categoria | valor_recibido='Snacks y Confitería' | regla=RN-05 | Error: categoría no válida. Categorías permitidas: Alimentos, Bebestibles, Cuidado Mascotas, Higiene Personal, Limpieza, Lácteos.
2026-09-27 17:08:47,313 | WARNING | id_producto=P383 | columna=categoria | valor_recibido='Ferretería Básica' | regla=RN-05 | Error: categoría no válida. Categorías permitidas: Alimentos, Bebestibles, Cuidado Mascotas, Higiene Personal, Limpieza, Lácteos.
2026-09-27 17:08:47,313 | WARNING | id_producto=P388 | columna=categoria | valor_recibido='Mascotas' | regla=RN-05 | Error: categoría no válida. Categorías permitidas: Alimentos, Bebestibles, Cuidado Mascotas, Higiene Personal, Limpieza, Lácteos.
2026-09-27 17:08:47,313 | WARNING | id_producto=P395 | columna=categoria | valor_recibido='Ferretería Básica' | regla=RN-05 | Error: categoría no válida. Categorías permitidas: Alimentos, Bebestibles, Cuidado Mascotas, Higiene Personal, Limpieza, Lácteos.
2026-09-27 17:08:47,313 | WARNING | id_producto=P401 | columna=categoria | valor_recibido='Snacks y Confitería' | regla=RN-05 | Error: categoría no válida. Categorías permitidas: Alimentos, Bebestibles, Cuidado Mascotas, Higiene Personal, Limpieza, Lácteos.
2026-09-27 17:08:47,313 | WARNING | id_producto=P404 | columna=categoria | valor_recibido='Mascotas' | regla=RN-05 | Error: categoría no válida. Categorías permitidas: Alimentos, Bebestibles, Cuidado Mascotas, Higiene Personal, Limpieza, Lácteos.
2026-09-27 17:08:47,313 | WARNING | id_producto=P407 | columna=categoria | valor_recibido='Ferretería Básica' | regla=RN-05 | Error: categoría no válida. Categorías permitidas: Alimentos, Bebestibles, Cuidado Mascotas, Higiene Personal, Limpieza, Lácteos.
2026-09-27 17:08:47,313 | WARNING | id_producto=P411 | columna=categoria | valor_recibido='Snacks y Confitería' | regla=RN-05 | Error: categoría no válida. Categorías permitidas: Alimentos, Bebestibles, Cuidado Mascotas, Higiene Personal, Limpieza, Lácteos.
2026-09-27 17:08:47,313 | WARNING | id_producto=P414 | columna=categoria | valor_recibido='Snacks y Confitería' | regla=RN-05 | Error: categoría no válida. Categorías permitidas: Alimentos, Bebestibles, Cuidado Mascotas, Higiene Personal, Limpieza, Lácteos.
2026-09-27 17:08:47,313 | WARNING | id_producto=P415 | columna=categoria | valor_recibido='Ferretería Básica' | regla=RN-05 | Error: categoría no válida. Categorías permitidas: Alimentos, Bebestibles, Cuidado Mascotas, Higiene Personal, Limpieza, Lácteos.
2026-09-27 17:08:47,313 | WARNING | id_producto=P418 | columna=categoria | valor_recibido='Snacks y Confitería' | regla=RN-05 | Error: categoría no válida. Categorías permitidas: Alimentos, Bebestibles, Cuidado Mascotas, Higiene Personal, Limpieza, Lácteos.
2026-09-27 17:08:47,313 | WARNING | id_producto=P425 | columna=categoria | valor_recibido='Mascotas' | regla=RN-05 | Error: categoría no válida. Categorías permitidas: Alimentos, Bebestibles, Cuidado Mascotas, Higiene Personal, Limpieza, Lácteos.
2026-09-27 17:08:47,313 | WARNING | id_producto=P428 | columna=categoria | valor_recibido='Mascotas' | regla=RN-05 | Error: categoría no válida. Categorías permitidas: Alimentos, Bebestibles, Cuidado Mascotas, Higiene Personal, Limpieza, Lácteos.
2026-09-27 17:08:47,314 | WARNING | id_producto=P439 | columna=categoria | valor_recibido='Mascotas' | regla=RN-05 | Error: categoría no válida. Categorías permitidas: Alimentos, Bebestibles, Cuidado Mascotas, Higiene Personal, Limpieza, Lácteos.
2026-09-27 17:08:47,314 | WARNING | id_producto=P441 | columna=categoria | valor_recibido='Ferretería Básica' | regla=RN-05 | Error: categoría no válida. Categorías permitidas: Alimentos, Bebestibles, Cuidado Mascotas, Higiene Personal, Limpieza, Lácteos.
2026-09-27 17:08:47,314 | WARNING | id_producto=P442 | columna=categoria | valor_recibido='Ferretería Básica' | regla=RN-05 | Error: categoría no válida. Categorías permitidas: Alimentos, Bebestibles, Cuidado Mascotas, Higiene Personal, Limpieza, Lácteos.
2026-09-27 17:08:47,314 | WARNING | id_producto=P444 | columna=categoria | valor_recibido='Mascotas' | regla=RN-05 | Error: categoría no válida. Categorías permitidas: Alimentos, Bebestibles, Cuidado Mascotas, Higiene Personal, Limpieza, Lácteos.
2026-09-27 17:08:47,314 | WARNING | id_producto=P449 | columna=categoria | valor_recibido='Mascotas' | regla=RN-05 | Error: categoría no válida. Categorías permitidas: Alimentos, Bebestibles, Cuidado Mascotas, Higiene Personal, Limpieza, Lácteos.
2026-09-27 17:08:47,314 | WARNING | id_producto=P452 | columna=categoria | valor_recibido='Mascotas' | regla=RN-05 | Error: categoría no válida. Categorías permitidas: Alimentos, Bebestibles, Cuidado Mascotas, Higiene Personal, Limpieza, Lácteos.
2026-09-27 17:08:47,314 | WARNING | id_producto=P460 | columna=categoria | valor_recibido='Ferretería Básica' | regla=RN-05 | Error: categoría no válida. Categorías permitidas: Alimentos, Bebestibles, Cuidado Mascotas, Higiene Personal, Limpieza, Lácteos.
2026-09-27 17:08:47,314 | WARNING | id_producto=P463 | columna=categoria | valor_recibido='Ferretería Básica' | regla=RN-05 | Error: categoría no válida. Categorías permitidas: Alimentos, Bebestibles, Cuidado Mascotas, Higiene Personal, Limpieza, Lácteos.
2026-09-27 17:08:47,314 | WARNING | id_producto=P464 | columna=categoria | valor_recibido='Ferretería Básica' | regla=RN-05 | Error: categoría no válida. Categorías permitidas: Alimentos, Bebestibles, Cuidado Mascotas, Higiene Personal, Limpieza, Lácteos.
2026-09-27 17:08:47,314 | WARNING | id_producto=P468 | columna=categoria | valor_recibido='Mascotas' | regla=RN-05 | Error: categoría no válida. Categorías permitidas: Alimentos, Bebestibles, Cuidado Mascotas, Higiene Personal, Limpieza, Lácteos.
2026-09-27 17:08:47,314 | WARNING | id_producto=P471 | columna=categoria | valor_recibido='Snacks y Confitería' | regla=RN-05 | Error: categoría no válida. Categorías permitidas: Alimentos, Bebestibles, Cuidado Mascotas, Higiene Personal, Limpieza, Lácteos.
2026-09-27 17:08:47,314 | WARNING | id_producto=P472 | columna=categoria | valor_recibido='Snacks y Confitería' | regla=RN-05 | Error: categoría no válida. Categorías permitidas: Alimentos, Bebestibles, Cuidado Mascotas, Higiene Personal, Limpieza, Lácteos.
2026-09-27 17:08:47,314 | WARNING | id_producto=P473 | columna=categoria | valor_recibido='Snacks y Confitería' | regla=RN-05 | Error: categoría no válida. Categorías permitidas: Alimentos, Bebestibles, Cuidado Mascotas, Higiene Personal, Limpieza, Lácteos.
2026-09-27 17:08:47,314 | WARNING | id_producto=P477 | columna=categoria | valor_recibido='Mascotas' | regla=RN-05 | Error: categoría no válida. Categorías permitidas: Alimentos, Bebestibles, Cuidado Mascotas, Higiene Personal, Limpieza, Lácteos.
2026-09-27 17:08:47,315 | WARNING | id_producto=P479 | columna=categoria | valor_recibido='Ferretería Básica' | regla=RN-05 | Error: categoría no válida. Categorías permitidas: Alimentos, Bebestibles, Cuidado Mascotas, Higiene Personal, Limpieza, Lácteos.
2026-09-27 17:08:47,315 | WARNING | id_producto=P480 | columna=categoria | valor_recibido='Ferretería Básica' | regla=RN-05 | Error: categoría no válida. Categorías permitidas: Alimentos, Bebestibles, Cuidado Mascotas, Higiene Personal, Limpieza, Lácteos.
2026-09-27 17:08:47,315 | WARNING | id_producto=P481 | columna=categoria | valor_recibido='Ferretería Básica' | regla=RN-05 | Error: categoría no válida. Categorías permitidas: Alimentos, Bebestibles, Cuidado Mascotas, Higiene Personal, Limpieza, Lácteos.
2026-09-27 17:08:47,315 | WARNING | id_producto=P486 | columna=categoria | valor_recibido='Mascotas' | regla=RN-05 | Error: categoría no válida. Categorías permitidas: Alimentos, Bebestibles, Cuidado Mascotas, Higiene Personal, Limpieza, Lácteos.
2026-09-27 17:08:47,315 | WARNING | id_producto=P495 | columna=categoria | valor_recibido='Snacks y Confitería' | regla=RN-05 | Error: categoría no válida. Categorías permitidas: Alimentos, Bebestibles, Cuidado Mascotas, Higiene Personal, Limpieza, Lácteos.
2026-09-27 17:08:47,315 | WARNING | id_producto=P496 | columna=categoria | valor_recibido='Snacks y Confitería' | regla=RN-05 | Error: categoría no válida. Categorías permitidas: Alimentos, Bebestibles, Cuidado Mascotas, Higiene Personal, Limpieza, Lácteos.
2026-09-27 17:08:47,315 | WARNING | id_producto=P498 | columna=categoria | valor_recibido='Snacks y Confitería' | regla=RN-05 | Error: categoría no válida. Categorías permitidas: Alimentos, Bebestibles, Cuidado Mascotas, Higiene Personal, Limpieza, Lácteos.
2026-09-27 17:08:47,315 | WARNING | id_producto=P499 | columna=categoria | valor_recibido='Mascotas' | regla=RN-05 | Error: categoría no válida. Categorías permitidas: Alimentos, Bebestibles, Cuidado Mascotas, Higiene Personal, Limpieza, Lácteos.
2026-09-27 17:08:47,316 | INFO | Finaliza intento de escritura del archivo | ruta=ordenes_compra_urgente_v3.csv
2026-09-27 17:08:47,316 | INFO | Archivo de salida generado | ruta=ordenes_compra_urgente_v3.csv | ordenes_escritas=25
2026-09-27 17:08:47,318 | INFO | Ejecución exitosa | validos=362 | descartados=138 | urgentes=25
2026-09-27 17:08:47,318 | INFO | Ejecución finalizada.
